Enter password: ******
Welcome to the MySQL monitor.  Commands end with ; or \g.
Your MySQL connection id is 19
Server version: 8.0.40 MySQL Community Server - GPL

Copyright (c) 2000, 2024, Oracle and/or its affiliates.

Oracle is a registered trademark of Oracle Corporation and/or its
affiliates. Other names may be trademarks of their respective
owners.

Type 'help;' or '\h' for help. Type '\c' to clear the current input statement.

mysql> CREATE DATABASE MoviesDB;
Query OK, 1 row affected (0.00 sec)

mysql> USE MoviesDB;
Database changed
mysql>
mysql> CREATE TABLE Movies (
    ->     id INT PRIMARY KEY,
    ->     name VARCHAR(255),
    ->     thumbnail_url VARCHAR(255),
    ->     rating FLOAT,
    ->     user_rating FLOAT,
    ->     video_url VARCHAR(255)
    -> );
Query OK, 0 rows affected (0.02 sec)

mysql> INSERT INTO Movies (id, name, thumbnail_url, rating, user_rating, video_url) VALUES
    -> (1, 'Amaran', 'https://i.ibb.co/3pCfZ8c/amaran.jpg', 8.0, 9.0, 'https://youtu.be/H7FT-d4YA74?si=-cQvgJsVIWs0PzX0'),
    -> (2, 'Dune', 'https://i.ibb.co/0mFszX8/dune.jpg', 8.0, 8.0, 'https://youtu.be/n9xhJrPXop4?si=b3MPwLVdEAX_zXl8'),
    -> (3, 'Gladiator', 'https://i.ibb.co/FbZmTjk/gladiator.jpg', 7.0, 8.0, 'https://youtu.be/P5ieIbInFpg?si=6FWQ1UMXZ3KY2w-F'),
    -> (4, 'Lucky-baskhar', 'https://i.ibb.co/7bX8f88/lucky-baskhar.jpg', 9.0, 8.0, 'https://youtu.be/vs6JMdKjoVI?si=O-PXbTixoFaE6IEm'),
    -> (5, 'Moana2', 'https://i.ibb.co/C6MfLLh/moana2.jpg', 9.0, 8.0, 'https://youtu.be/hDZ7y8RP5HE?si=3KnTqm2fr6pAoSOA'),
    -> (6, 'Wicked', 'https://i.ibb.co/1K8yCg7/wicked.jpg', 7.0, 7.0, 'https://youtu.be/6COmYeLsz4c?si=cTtORdS5znxpl7Js'),
    -> (7, 'IronMan', 'https://i.ibb.co/5M11sx2/IronMan.jpg', 9.0, 9.0, 'https://youtu.be/8ugaeA-nMTc?si=DPvhsG80sUApxSK0'),
    -> (8, 'Our Little Secret', 'https://i.ibb.co/m0ys75J/Our-Little-Secret.jpg', 7.0, 7.0, 'https://youtu.be/fcc9G9PXTEE?si=xBboOT8Cx4jtLW1s'),
    -> (9, 'Pushpa', 'https://i.ibb.co/WpkRfzX/Pushpa.jpg', 8.0, 7.0, 'https://youtu.be/1kVK0MZlbI4?si=d_wGNd8Ni7YxUhCy'),
    -> (10, 'Gladiator1', 'https://i.ibb.co/yP55dpy/gladiator1.jpg', 8.0, 9.0, 'https://youtu.be/P5ieIbInFpg?si=ixoc7ArybaeLeVjk'),
    -> (11, 'Conclave', 'https://i.ibb.co/9NZHsYn/Conclave.jpg', 8.0, 7.0, 'https://youtu.be/JX9jasdi3ic?si=YX33l-WW1Xu4XWjh'),
    -> (12, 'Snow White', 'https://i.ibb.co/V3WThWT/Snow-White.jpg', 8.0, 8.0, 'https://youtu.be/iV46TJKL8cU?si=xuuuTP1w2vfsJ5th'),
    -> (13, 'Deadpool & Wolverine', 'https://i.ibb.co/pw7g16M/Deadpool-Wolverine.jpg', 8.0, 8.0, 'https://youtu.be/73_1biulkYk?si=M9cy4UxhFkhkRt3y'),
    -> (14, 'Smile 2', 'https://i.ibb.co/WGDxM5z/Smile-2.jpg', 8.0, 6.0, 'https://youtu.be/0HY6QFlBzUY?si=gmWa7oLvgK9yeXcm'),
    -> (15, 'The Merry Gentlemen', 'https://i.ibb.co/Z2Mb45s/The-Merry-Gentlemen.jpg', 7.0, 7.0, 'https://youtu.be/G80Q8-MJM1A?si=hftkwDmkyOohNdZQ'),
    -> (16, 'Thor', 'https://i.ibb.co/Jmc52vj/Thor.jpg', 8.0, 8.0, 'https://youtu.be/JOddp-nlNvQ?si=C4WXIv72L8IUHRdW'),
    -> (17, 'Avengers Endgame', 'https://i.ibb.co/ZmZj9bC/Avengers-Endgame1.jpg', 8.0, 8.0, 'https://youtu.be/TcMBFSGVi1c?si=AF4yfc3DsOsieve7'),
    -> (18, 'Squid Game', 'https://i.ibb.co/nkSYfQg/Squid-Game.jpg', 8.0, 9.0, 'https://youtu.be/oqxAJKy0ii4?si=S8Nx9WoL-ngfBwHN');
Query OK, 18 rows affected (0.01 sec)
Records: 18  Duplicates: 0  Warnings: 0

mysql>
mysql> SHOW MoviesDB;
ERROR 1064 (42000): You have an error in your SQL syntax; check the manual that corresponds to your MySQL server version for the right syntax to use near 'MoviesDB' at line 1
mysql> SHOW Movies;
ERROR 1064 (42000): You have an error in your SQL syntax; check the manual that corresponds to your MySQL server version for the right syntax to use near 'Movies' at line 1
mysql> SHOW DATABASES;
+--------------------+
| Database           |
+--------------------+
| information_schema |
| moviesdb           |
| mysql              |
| performance_schema |
| sakila             |
| sys                |
| world              |
+--------------------+
7 rows in set (0.00 sec)

mysql> SHOW TABLES;
+--------------------+
| Tables_in_moviesdb |
+--------------------+
| movies             |
+--------------------+
1 row in set (0.01 sec)

mysql> SELECT * FROM movies;
+----+----------------------+--------------------------------------------------+--------+-------------+--------------------------------------------------+
| id | name                 | thumbnail_url                                    | rating | user_rating | video_url                                        |
+----+----------------------+--------------------------------------------------+--------+-------------+--------------------------------------------------+
|  1 | Amaran               | https://i.ibb.co/3pCfZ8c/amaran.jpg              |      8 |           9 | https://youtu.be/H7FT-d4YA74?si=-cQvgJsVIWs0PzX0 |
|  2 | Dune                 | https://i.ibb.co/0mFszX8/dune.jpg                |      8 |           8 | https://youtu.be/n9xhJrPXop4?si=b3MPwLVdEAX_zXl8 |
|  3 | Gladiator            | https://i.ibb.co/FbZmTjk/gladiator.jpg           |      7 |           8 | https://youtu.be/P5ieIbInFpg?si=6FWQ1UMXZ3KY2w-F |
|  4 | Lucky-baskhar        | https://i.ibb.co/7bX8f88/lucky-baskhar.jpg       |      9 |           8 | https://youtu.be/vs6JMdKjoVI?si=O-PXbTixoFaE6IEm |
|  5 | Moana2               | https://i.ibb.co/C6MfLLh/moana2.jpg              |      9 |           8 | https://youtu.be/hDZ7y8RP5HE?si=3KnTqm2fr6pAoSOA |
|  6 | Wicked               | https://i.ibb.co/1K8yCg7/wicked.jpg              |      7 |           7 | https://youtu.be/6COmYeLsz4c?si=cTtORdS5znxpl7Js |
|  7 | IronMan              | https://i.ibb.co/5M11sx2/IronMan.jpg             |      9 |           9 | https://youtu.be/8ugaeA-nMTc?si=DPvhsG80sUApxSK0 |
|  8 | Our Little Secret    | https://i.ibb.co/m0ys75J/Our-Little-Secret.jpg   |      7 |           7 | https://youtu.be/fcc9G9PXTEE?si=xBboOT8Cx4jtLW1s |
|  9 | Pushpa               | https://i.ibb.co/WpkRfzX/Pushpa.jpg              |      8 |           7 | https://youtu.be/1kVK0MZlbI4?si=d_wGNd8Ni7YxUhCy |
| 10 | Gladiator1           | https://i.ibb.co/yP55dpy/gladiator1.jpg          |      8 |           9 | https://youtu.be/P5ieIbInFpg?si=ixoc7ArybaeLeVjk |
| 11 | Conclave             | https://i.ibb.co/9NZHsYn/Conclave.jpg            |      8 |           7 | https://youtu.be/JX9jasdi3ic?si=YX33l-WW1Xu4XWjh |
| 12 | Snow White           | https://i.ibb.co/V3WThWT/Snow-White.jpg          |      8 |           8 | https://youtu.be/iV46TJKL8cU?si=xuuuTP1w2vfsJ5th |
| 13 | Deadpool & Wolverine | https://i.ibb.co/pw7g16M/Deadpool-Wolverine.jpg  |      8 |           8 | https://youtu.be/73_1biulkYk?si=M9cy4UxhFkhkRt3y |
| 14 | Smile 2              | https://i.ibb.co/WGDxM5z/Smile-2.jpg             |      8 |           6 | https://youtu.be/0HY6QFlBzUY?si=gmWa7oLvgK9yeXcm |
| 15 | The Merry Gentlemen  | https://i.ibb.co/Z2Mb45s/The-Merry-Gentlemen.jpg |      7 |           7 | https://youtu.be/G80Q8-MJM1A?si=hftkwDmkyOohNdZQ |
| 16 | Thor                 | https://i.ibb.co/Jmc52vj/Thor.jpg                |      8 |           8 | https://youtu.be/JOddp-nlNvQ?si=C4WXIv72L8IUHRdW |
| 17 | Avengers Endgame     | https://i.ibb.co/ZmZj9bC/Avengers-Endgame1.jpg   |      8 |           8 | https://youtu.be/TcMBFSGVi1c?si=AF4yfc3DsOsieve7 |
| 18 | Squid Game           | https://i.ibb.co/nkSYfQg/Squid-Game.jpg          |      8 |           9 | https://youtu.be/oqxAJKy0ii4?si=S8Nx9WoL-ngfBwHN |
+----+----------------------+--------------------------------------------------+--------+-------------+--------------------------------------------------+
18 rows in set (0.00 sec)

mysql> SELECT * FROM movies LIMIT 10;
+----+-------------------+------------------------------------------------+--------+-------------+--------------------------------------------------+
| id | name              | thumbnail_url                                  | rating | user_rating | video_url                                        |
+----+-------------------+------------------------------------------------+--------+-------------+--------------------------------------------------+
|  1 | Amaran            | https://i.ibb.co/3pCfZ8c/amaran.jpg            |      8 |           9 | https://youtu.be/H7FT-d4YA74?si=-cQvgJsVIWs0PzX0 |
|  2 | Dune              | https://i.ibb.co/0mFszX8/dune.jpg              |      8 |           8 | https://youtu.be/n9xhJrPXop4?si=b3MPwLVdEAX_zXl8 |
|  3 | Gladiator         | https://i.ibb.co/FbZmTjk/gladiator.jpg         |      7 |           8 | https://youtu.be/P5ieIbInFpg?si=6FWQ1UMXZ3KY2w-F |
|  4 | Lucky-baskhar     | https://i.ibb.co/7bX8f88/lucky-baskhar.jpg     |      9 |           8 | https://youtu.be/vs6JMdKjoVI?si=O-PXbTixoFaE6IEm |
|  5 | Moana2            | https://i.ibb.co/C6MfLLh/moana2.jpg            |      9 |           8 | https://youtu.be/hDZ7y8RP5HE?si=3KnTqm2fr6pAoSOA |
|  6 | Wicked            | https://i.ibb.co/1K8yCg7/wicked.jpg            |      7 |           7 | https://youtu.be/6COmYeLsz4c?si=cTtORdS5znxpl7Js |
|  7 | IronMan           | https://i.ibb.co/5M11sx2/IronMan.jpg           |      9 |           9 | https://youtu.be/8ugaeA-nMTc?si=DPvhsG80sUApxSK0 |
|  8 | Our Little Secret | https://i.ibb.co/m0ys75J/Our-Little-Secret.jpg |      7 |           7 | https://youtu.be/fcc9G9PXTEE?si=xBboOT8Cx4jtLW1s |
|  9 | Pushpa            | https://i.ibb.co/WpkRfzX/Pushpa.jpg            |      8 |           7 | https://youtu.be/1kVK0MZlbI4?si=d_wGNd8Ni7YxUhCy |
| 10 | Gladiator1        | https://i.ibb.co/yP55dpy/gladiator1.jpg        |      8 |           9 | https://youtu.be/P5ieIbInFpg?si=ixoc7ArybaeLeVjk |
+----+-------------------+------------------------------------------------+--------+-------------+--------------------------------------------------+
10 rows in set (0.00 sec)

mysql>